../Core/Src/main.c:84:5:main	160	static
../Core/Src/main.c:191:6:SystemClock_Config	88	static
../Core/Src/main.c:238:13:MX_USART2_UART_Init	8	static
../Core/Src/main.c:271:13:MX_GPIO_Init	48	static
../Core/Src/main.c:320:6:StartDefaultTask	16	static
../Core/Src/main.c:338:6:StartTask02	16	static
../Core/Src/main.c:356:6:StartTask03	16	static
../Core/Src/main.c:374:6:StartTask04	16	static
../Core/Src/main.c:386:6:Callback01	16	static
../Core/Src/main.c:395:6:Callback02	16	static
../Core/Src/main.c:404:6:Callback03	16	static
../Core/Src/main.c:413:6:Callback04	16	static
../Core/Src/main.c:425:6:Error_Handler	4	static,ignoring_inline_asm
