../Core/Src/main.c:80:5:main	192	static
../Core/Src/main.c:178:6:SystemClock_Config	88	static
../Core/Src/main.c:225:13:MX_USART2_UART_Init	8	static
../Core/Src/main.c:258:13:MX_GPIO_Init	48	static
../Core/Src/main.c:307:6:StartDefaultTask	16	static
../Core/Src/main.c:326:6:StartTask02	16	static
../Core/Src/main.c:345:6:StartTask03	16	static
../Core/Src/main.c:364:6:StartTask04	16	static
../Core/Src/main.c:383:6:StartTask05	56	static
../Core/Src/main.c:409:6:StartTask06	56	static
../Core/Src/main.c:432:6:Error_Handler	4	static,ignoring_inline_asm
